// Jest Snapshot v1, https://goo.gl/fbAQLP

exports[`renders Hello component correctly - snapshot 1`] = `
Array [
  <p
    data-testid="hello-title"
  >
    Hello 
    Lucas
  </p>,
  <span>
    another nice message
  </span>,
]
`;
